
> my-jkkn@0.1.0 build
> next build --debug-prerender

⚠ Prerendering is running in debug mode. Note: This may affect performance and should not be used for production.
⚠ `experimental.cacheComponents` has been moved to `cacheComponents`. Please update your next.config.ts file accordingly.
▲ Next.js 16.1.1 (Turbopack, Cache Components)
- Environments: .env
- Experiments (use with caution):
  ✓ cacheComponents
  · cpus: 1
  ⨯ prerenderEarlyExit (disabled by `--debug-prerender`)
  ✓ serverSourceMaps (enabled by `--debug-prerender`)
  ⨯ turbopackMinify (disabled by `--debug-prerender`)

  Creating an optimized production build ...
✓ Compiled successfully in 62s
  Running TypeScript ...
  Collecting page data using 1 worker ...
  Generating static pages using 1 worker (0/284) ...
  Generating static pages using 1 worker (71/284) 
  Generating static pages using 1 worker (142/284) 
Error fetching activity metrics: Error: During prerendering, `cookies()` rejects when the prerender is complete. Typically these errors are handled by React but if you move `cookies()` to a different context by using `setTimeout`, `after`, or similar functions you may observe this error and you should handle it in that context. This occurred at route "/api/activity/metrics".
    at new Promise (<anonymous>)
    at createServerSupabaseClient (lib\supabase\server.ts:37:36)
    at GET (app\api\activity\metrics\route.ts:8:54)
  35 | // Alias for backward compatibility
  36 | export async function createServerSupabaseClient() {
> 37 |   const cookieStore = await cookies();
     |                                    ^
  38 |
  39 |   return createServerClient(
  40 |     process.env.NEXT_PUBLIC_SUPABASE_URL!, {
  route: '/api/activity/metrics',
  expression: '`cookies()`',
  digest: 'HANGING_PROMISE_REJECTION'
}
Error fetching notifications: Error: During prerendering, `cookies()` rejects when the prerender is complete. Typically these errors are handled by React but if you move `cookies()` to a different context by using `setTimeout`, `after`, or similar functions you may observe this error and you should handle it in that context. This occurred at route "/api/admin/notifications".
    at new Promise (<anonymous>)
    at createServerSupabaseClient (lib\supabase\server.ts:37:36)
    at GET (app\api\admin\notifications\route.ts:6:54)
  35 | // Alias for backward compatibility
  36 | export async function createServerSupabaseClient() {
> 37 |   const cookieStore = await cookies();
     |                                    ^
  38 |
  39 |   return createServerClient(
  40 |     process.env.NEXT_PUBLIC_SUPABASE_URL!, {
  route: '/api/admin/notifications',
  expression: '`cookies()`',
  digest: 'HANGING_PROMISE_REJECTION'
}
Error fetching notification stats: Error: During prerendering, `cookies()` rejects when the prerender is complete. Typically these errors are handled by React but if you move `cookies()` to a different context by using `setTimeout`, `after`, or similar functions you may observe this error and you should handle it in that context. This occurred at route "/api/admin/notifications/stats".
    at new Promise (<anonymous>)
    at createServerSupabaseClient (lib\supabase\server.ts:37:36)
    at GET (app\api\admin\notifications\stats\route.ts:6:54)
  35 | // Alias for backward compatibility
  36 | export async function createServerSupabaseClient() {
> 37 |   const cookieStore = await cookies();
     |                                    ^
  38 |
  39 |   return createServerClient(
  40 |     process.env.NEXT_PUBLIC_SUPABASE_URL!, {
  route: '/api/admin/notifications/stats',
  expression: '`cookies()`',
  digest: 'HANGING_PROMISE_REJECTION'
}
Error fetching institution names: Error: Route /api/api-management/organizations/institutions/names needs to bail out of prerendering at this point because it used request.headers.
    at GET (app\api\api-management\organizations\institutions\names\route.ts:30:32)
  28 |
  29 |     // Get API key from Authorization header
> 30 |     const authHeader = request.headers.get('authorization');
     |                                ^
  31 |     console.log('1. Auth header:', authHeader);
  32 |
  33 |     if (!authHeader || !authHeader.startsWith('Bearer ')) { {
  digest: 'NEXT_PRERENDER_INTERRUPTED'
}
Error fetching institution names: Error: Route /api/api-management/organizations/institutions/names needs to bail out of prerendering at this point because it used request.headers.
    at GET (app\api\api-management\organizations\institutions\names\route.ts:30:32)
  28 |
  29 |     // Get API key from Authorization header
> 30 |     const authHeader = request.headers.get('authorization');
     |                                ^
  31 |     console.log('1. Auth header:', authHeader);
  32 |
  33 |     if (!authHeader || !authHeader.startsWith('Bearer ')) { {
  digest: 'NEXT_PRERENDER_INTERRUPTED'
}
  Generating static pages using 1 worker (213/284) 
[API_DASHBOARD_METRICS_ERROR] Error: Users count failed: Error: During prerendering, fetch() rejects when the prerender is complete. Typically these errors are handled by React but if you move fetch() to a different context by using `setTimeout`, `after`, or similar functions you may observe this error and you should handle it in that context. This occurred at route "/api/dashboard/metrics".
    at GET (app\api\dashboard\metrics\route.ts:50:13)
  48 |     // Handle potential errors
  49 |     if (usersError)
> 50 |       throw new Error(`Users count failed: ${usersError.message}`);
     |             ^
  51 |     if (institutionsError)
  52 |       throw new Error(
  53 |         `Institutions count failed: ${institutionsError.message}`
[bug-reports/api] Failed to fetch user bug reports Error: During prerendering, `cookies()` rejects when the prerender is complete. Typically these errors are handled by React but if you move `cookies()` to a different context by using `setTimeout`, `after`, or similar functions you may observe this error and you should handle it in that context. This occurred at route "/api/bug-reports/me".
    at new Promise (<anonymous>)
    at createServerSupabaseClient (lib\supabase\server.ts:37:36)
    at GET (app\api\bug-reports\me\route.ts:7:54)
  35 | // Alias for backward compatibility
  36 | export async function createServerSupabaseClient() {
> 37 |   const cookieStore = await cookies();
     |                                    ^
  38 |
  39 |   return createServerClient(
  40 |     process.env.NEXT_PUBLIC_SUPABASE_URL!, {
  route: '/api/bug-reports/me',
  expression: '`cookies()`',
  digest: 'HANGING_PROMISE_REJECTION'
}
[bug-reports/api] Unexpected error fetching stats Error: During prerendering, `cookies()` rejects when the prerender is complete. Typically these errors are handled by React but if you move `cookies()` to a different context by using `setTimeout`, `after`, or similar functions you may observe this error and you should handle it in that context. This occurred at route "/api/bug-reports/stats".
    at new Promise (<anonymous>)
    at createServerSupabaseClient (lib\supabase\server.ts:37:36)
    at GET (app\api\bug-reports\stats\route.ts:7:54)
  35 | // Alias for backward compatibility
  36 | export async function createServerSupabaseClient() {
> 37 |   const cookieStore = await cookies();
     |                                    ^
  38 |
  39 |   return createServerClient(
  40 |     process.env.NEXT_PUBLIC_SUPABASE_URL!, {
  route: '/api/bug-reports/stats',
  expression: '`cookies()`',
  digest: 'HANGING_PROMISE_REJECTION'
}
Error checking database tables: Error: During prerendering, `cookies()` rejects when the prerender is complete. Typically these errors are handled by React but if you move `cookies()` to a different context by using `setTimeout`, `after`, or similar functions you may observe this error and you should handle it in that context. This occurred at route "/api/check-database-tables".
    at new Promise (<anonymous>)
    at GET (app\api\check-database-tables\route.ts:10:38)
   8 | export async function GET() {
   9 |   try {
> 10 |     const cookieStore = await cookies();
     |                                      ^
  11 |     const supabase = createServerClient(
  12 |       process.env.NEXT_PUBLIC_SUPABASE_URL!,
  13 |       process.env.NEXT_PUBLIC_SUPABASE_ANON_KEY!, {
  route: '/api/check-database-tables',
  expression: '`cookies()`',
  digest: 'HANGING_PROMISE_REJECTION'
}
[bug-reports/api] System test failed with unexpected error Error: During prerendering, `cookies()` rejects when the prerender is complete. Typically these errors are handled by React but if you move `cookies()` to a different context by using `setTimeout`, `after`, or similar functions you may observe this error and you should handle it in that context. This occurred at route "/api/bug-reports/test".
    at new Promise (<anonymous>)
    at createServerSupabaseClient (lib\supabase\server.ts:37:36)
    at GET (app\api\bug-reports\test\route.ts:7:54)
  35 | // Alias for backward compatibility
  36 | export async function createServerSupabaseClient() {
> 37 |   const cookieStore = await cookies();
     |                                    ^
  38 |
  39 |   return createServerClient(
  40 |     process.env.NEXT_PUBLIC_SUPABASE_URL!, {
  route: '/api/bug-reports/test',
  expression: '`cookies()`',
  digest: 'HANGING_PROMISE_REJECTION'
}
[API_DASHBOARD_METRICS_ERROR] Error: Users count failed: Error: During prerendering, fetch() rejects when the prerender is complete. Typically these errors are handled by React but if you move fetch() to a different context by using `setTimeout`, `after`, or similar functions you may observe this error and you should handle it in that context. This occurred at route "/api/dashboard/metrics".
    at GET (app\api\dashboard\metrics\route.ts:50:13)
  48 |     // Handle potential errors
  49 |     if (usersError)
> 50 |       throw new Error(`Users count failed: ${usersError.message}`);
     |             ^
  51 |     if (institutionsError)
  52 |       throw new Error(
  53 |         `Institutions count failed: ${institutionsError.message}`
[DEPARTMENTS_GET] Error fetching departments: Error: Route /api/departments needs to bail out of prerendering at this point because it used request.url.
    at GET (app\api\departments\route.ts:7:46)
   5 |   try {
   6 |     const supabase = createAdminClient();
>  7 |     const { searchParams } = new URL(request.url);
     |                                              ^
   8 |     const institution_id = searchParams.get('institution_id');
   9 |
  10 |     let query = supabase {
  digest: 'NEXT_PRERENDER_INTERRUPTED'
}
Debug API error: Error: During prerendering, `cookies()` rejects when the prerender is complete. Typically these errors are handled by React but if you move `cookies()` to a different context by using `setTimeout`, `after`, or similar functions you may observe this error and you should handle it in that context. This occurred at route "/api/debug/applications".
    at new Promise (<anonymous>)
    at GET (app\api\debug\applications\route.ts:8:38)
   6 | export async function GET(request: NextRequest) {
   7 |   try {
>  8 |     const cookieStore = await cookies();
     |                                      ^
   9 |     const supabase = createServerClient(
  10 |       process.env.NEXT_PUBLIC_SUPABASE_URL!,
  11 |       process.env.NEXT_PUBLIC_SUPABASE_ANON_KEY!, {
  route: '/api/debug/applications',
  expression: '`cookies()`',
  digest: 'HANGING_PROMISE_REJECTION'
}
Error in GET /api/dashboard/widget-types: Error: During prerendering, `cookies()` rejects when the prerender is complete. Typically these errors are handled by React but if you move `cookies()` to a different context by using `setTimeout`, `after`, or similar functions you may observe this error and you should handle it in that context. This occurred at route "/api/dashboard/widget-types".
    at new Promise (<anonymous>)
    at createServerSupabaseClient (lib\supabase\server.ts:37:36)
    at GET (app\api\dashboard\widget-types\route.ts:7:54)
  35 | // Alias for backward compatibility
  36 | export async function createServerSupabaseClient() {
> 37 |   const cookieStore = await cookies();
     |                                    ^
  38 |
  39 |   return createServerClient(
  40 |     process.env.NEXT_PUBLIC_SUPABASE_URL!, {
  route: '/api/dashboard/widget-types',
  expression: '`cookies()`',
  digest: 'HANGING_PROMISE_REJECTION'
}
[DEPARTMENTS_GET] Error fetching departments: Error: Route /api/departments needs to bail out of prerendering at this point because it used request.url.
    at GET (app\api\departments\route.ts:7:46)
   5 |   try {
   6 |     const supabase = createAdminClient();
>  7 |     const { searchParams } = new URL(request.url);
     |                                              ^
   8 |     const institution_id = searchParams.get('institution_id');
   9 |
  10 |     let query = supabase {
  digest: 'NEXT_PRERENDER_INTERRUPTED'
}
[INSTITUTIONS_GET] Error fetching institutions: Error: During prerendering, `cookies()` rejects when the prerender is complete. Typically these errors are handled by React but if you move `cookies()` to a different context by using `setTimeout`, `after`, or similar functions you may observe this error and you should handle it in that context. This occurred at route "/api/institutions".
    at new Promise (<anonymous>)
    at createServerSupabaseClient (lib\supabase\server.ts:37:36)
    at GET (app\api\institutions\route.ts:6:54)
  35 | // Alias for backward compatibility
  36 | export async function createServerSupabaseClient() {
> 37 |   const cookieStore = await cookies();
     |                                    ^
  38 |
  39 |   return createServerClient(
  40 |     process.env.NEXT_PUBLIC_SUPABASE_URL!, {
  route: '/api/institutions',
  expression: '`cookies()`',
  digest: 'HANGING_PROMISE_REJECTION'
}
[api/learners/check-missing-profiles] Error: Error: During prerendering, `cookies()` rejects when the prerender is complete. Typically these errors are handled by React but if you move `cookies()` to a different context by using `setTimeout`, `after`, or similar functions you may observe this error and you should handle it in that context. This occurred at route "/api/learners/check-missing-profiles".
    at new Promise (<anonymous>)
    at createServerSupabaseClient (lib\supabase\server.ts:37:36)
    at GET (app\api\learners\check-missing-profiles\route.ts:21:54)
  35 | // Alias for backward compatibility
  36 | export async function createServerSupabaseClient() {
> 37 |   const cookieStore = await cookies();
     |                                    ^
  38 |
  39 |   return createServerClient(
  40 |     process.env.NEXT_PUBLIC_SUPABASE_URL!, {
  route: '/api/learners/check-missing-profiles',
  expression: '`cookies()`',
  digest: 'HANGING_PROMISE_REJECTION'
}
[api/learners/export-exited-for-edit] Error: Error: During prerendering, `cookies()` rejects when the prerender is complete. Typically these errors are handled by React but if you move `cookies()` to a different context by using `setTimeout`, `after`, or similar functions you may observe this error and you should handle it in that context. This occurred at route "/api/learners/export-exited-for-edit".
    at new Promise (<anonymous>)
    at createServerSupabaseClient (lib\supabase\server.ts:37:36)
    at GET (app\api\learners\export-exited-for-edit\route.ts:25:54)
  35 | // Alias for backward compatibility
  36 | export async function createServerSupabaseClient() {
> 37 |   const cookieStore = await cookies();
     |                                    ^
  38 |
  39 |   return createServerClient(
  40 |     process.env.NEXT_PUBLIC_SUPABASE_URL!, {
  route: '/api/learners/export-exited-for-edit',
  expression: '`cookies()`',
  digest: 'HANGING_PROMISE_REJECTION'
}
Export error: Error: Route /api/organizations/courses/export needs to bail out of prerendering at this point because it used request.url.
    at GET (app\api\organizations\courses\export\route.ts:13:46)
  11 |   try {
  12 |     // Get query parameters
> 13 |     const { searchParams } = new URL(request.url);
     |                                              ^
  14 |     const exportFormat = searchParams.get('format') || 'csv';
  15 |     const includeAll = searchParams.get('includeAll') === 'true';
  16 |     const includeInactive = searchParams.get('includeInactive') === 'true'; {
  digest: 'NEXT_PRERENDER_INTERRUPTED'
}
--- Inside /api/organizations/dashboard GET (Server) ---
Export error: Error: Route /api/organizations/departments/export needs to bail out of prerendering at this point because it used request.url.
    at GET (app\api\organizations\departments\export\route.ts:13:46)
  11 |   try {
  12 |     // Get query parameters
> 13 |     const { searchParams } = new URL(request.url);
     |                                              ^
  14 |     const exportFormat = searchParams.get('format') || 'csv';
  15 |     const includeAll = searchParams.get('includeAll') === 'true';
  16 |     const includeInactive = searchParams.get('includeInactive') === 'true'; {
  digest: 'NEXT_PRERENDER_INTERRUPTED'
}
Export error: Error: Route /api/organizations/courses/export needs to bail out of prerendering at this point because it used request.url.
    at GET (app\api\organizations\courses\export\route.ts:13:46)
  11 |   try {
  12 |     // Get query parameters
> 13 |     const { searchParams } = new URL(request.url);
     |                                              ^
  14 |     const exportFormat = searchParams.get('format') || 'csv';
  15 |     const includeAll = searchParams.get('includeAll') === 'true';
  16 |     const includeInactive = searchParams.get('includeInactive') === 'true'; {
  digest: 'NEXT_PRERENDER_INTERRUPTED'
}
--- Inside /api/organizations/dashboard GET (Server) ---
Error exporting degrees: Error: During prerendering, `cookies()` rejects when the prerender is complete. Typically these errors are handled by React but if you move `cookies()` to a different context by using `setTimeout`, `after`, or similar functions you may observe this error and you should handle it in that context. This occurred at route "/api/organizations/degrees/export".
    at new Promise (<anonymous>)
    at GET (app\api\organizations\degrees\export\route.ts:9:38)
   7 | export async function GET(request: NextRequest) {
   8 |   try {
>  9 |     const cookieStore = await cookies();
     |                                      ^
  10 |     const supabase = createServerClient(
  11 |       process.env.NEXT_PUBLIC_SUPABASE_URL!,
  12 |       process.env.NEXT_PUBLIC_SUPABASE_ANON_KEY!, {
  route: '/api/organizations/degrees/export',
  expression: '`cookies()`',
  digest: 'HANGING_PROMISE_REJECTION'
}
Export error: Error: Route /api/organizations/departments/export needs to bail out of prerendering at this point because it used request.url.
    at GET (app\api\organizations\departments\export\route.ts:13:46)
  11 |   try {
  12 |     // Get query parameters
> 13 |     const { searchParams } = new URL(request.url);
     |                                              ^
  14 |     const exportFormat = searchParams.get('format') || 'csv';
  15 |     const includeAll = searchParams.get('includeAll') === 'true';
  16 |     const includeInactive = searchParams.get('includeInactive') === 'true'; {
  digest: 'NEXT_PRERENDER_INTERRUPTED'
}
Error exporting institutions: Error: During prerendering, `cookies()` rejects when the prerender is complete. Typically these errors are handled by React but if you move `cookies()` to a different context by using `setTimeout`, `after`, or similar functions you may observe this error and you should handle it in that context. This occurred at route "/api/organizations/institutions/export".
    at new Promise (<anonymous>)
    at GET (app\api\organizations\institutions\export\route.ts:9:38)
   7 | export async function GET(request: NextRequest) {
   8 |   try {
>  9 |     const cookieStore = await cookies();
     |                                      ^
  10 |     const supabase = createServerClient(
  11 |       process.env.NEXT_PUBLIC_SUPABASE_URL!,
  12 |       process.env.NEXT_PUBLIC_SUPABASE_ANON_KEY!, {
  route: '/api/organizations/institutions/export',
  expression: '`cookies()`',
  digest: 'HANGING_PROMISE_REJECTION'
}
Export error: Error: Route /api/organizations/programs/export needs to bail out of prerendering at this point because it used request.url.
    at GET (app\api\organizations\programs\export\route.ts:13:46)
  11 |   try {
  12 |     // Get query parameters
> 13 |     const { searchParams } = new URL(request.url);
     |                                              ^
  14 |     const exportFormat = searchParams.get('format') || 'csv';
  15 |     const includeAll = searchParams.get('includeAll') === 'true';
  16 |     const includeInactive = searchParams.get('includeInactive') === 'true'; {
  digest: 'NEXT_PRERENDER_INTERRUPTED'
}
Export error: Error: Route /api/organizations/sections/export needs to bail out of prerendering at this point because it used request.url.
    at GET (app\api\organizations\sections\export\route.ts:13:46)
  11 |   try {
  12 |     // Get query parameters
> 13 |     const { searchParams } = new URL(request.url);
     |                                              ^
  14 |     const exportFormat = searchParams.get('format') || 'csv';
  15 |     const includeAll = searchParams.get('includeAll') === 'true';
  16 |     const includeInactive = searchParams.get('includeInactive') === 'true'; {
  digest: 'NEXT_PRERENDER_INTERRUPTED'
}
Export error: Error: Route /api/organizations/semesters/export needs to bail out of prerendering at this point because it used request.url.
    at GET (app\api\organizations\semesters\export\route.ts:13:46)
  11 |   try {
  12 |     // Get query parameters
> 13 |     const { searchParams } = new URL(request.url);
     |                                              ^
  14 |     const exportFormat = searchParams.get('format') || 'csv';
  15 |     const includeAll = searchParams.get('includeAll') === 'true';
  16 |     const includeInactive = searchParams.get('includeInactive') === 'true'; {
  digest: 'NEXT_PRERENDER_INTERRUPTED'
}
Error proxying to external API: Error: Route /api/proxy/crm needs to bail out of prerendering at this point because it used nextUrl.searchParams.
    at GET (app\api\proxy\crm\route.ts:16:42)
  14 |
  15 |     // Get query parameters
> 16 |     const searchParams = request.nextUrl.searchParams;
     |                                          ^
  17 |     const entity = searchParams.get('entity');
  18 |     const page = searchParams.get('page') || '1';
  19 |     const perPage = searchParams.get('perPage') || '10'; {
  digest: 'NEXT_PRERENDER_INTERRUPTED'
}
Export error: Error: Route /api/organizations/programs/export needs to bail out of prerendering at this point because it used request.url.
    at GET (app\api\organizations\programs\export\route.ts:13:46)
  11 |   try {
  12 |     // Get query parameters
> 13 |     const { searchParams } = new URL(request.url);
     |                                              ^
  14 |     const exportFormat = searchParams.get('format') || 'csv';
  15 |     const includeAll = searchParams.get('includeAll') === 'true';
  16 |     const includeInactive = searchParams.get('includeInactive') === 'true'; {
  digest: 'NEXT_PRERENDER_INTERRUPTED'
}
Export error: Error: Route /api/organizations/sections/export needs to bail out of prerendering at this point because it used request.url.
    at GET (app\api\organizations\sections\export\route.ts:13:46)
  11 |   try {
  12 |     // Get query parameters
> 13 |     const { searchParams } = new URL(request.url);
     |                                              ^
  14 |     const exportFormat = searchParams.get('format') || 'csv';
  15 |     const includeAll = searchParams.get('includeAll') === 'true';
  16 |     const includeInactive = searchParams.get('includeInactive') === 'true'; {
  digest: 'NEXT_PRERENDER_INTERRUPTED'
}
Export error: Error: Route /api/organizations/semesters/export needs to bail out of prerendering at this point because it used request.url.
    at GET (app\api\organizations\semesters\export\route.ts:13:46)
  11 |   try {
  12 |     // Get query parameters
> 13 |     const { searchParams } = new URL(request.url);
     |                                              ^
  14 |     const exportFormat = searchParams.get('format') || 'csv';
  15 |     const includeAll = searchParams.get('includeAll') === 'true';
  16 |     const includeInactive = searchParams.get('includeInactive') === 'true'; {
  digest: 'NEXT_PRERENDER_INTERRUPTED'
}
Error fetching profiles: Error: During prerendering, `cookies()` rejects when the prerender is complete. Typically these errors are handled by React but if you move `cookies()` to a different context by using `setTimeout`, `after`, or similar functions you may observe this error and you should handle it in that context. This occurred at route "/api/profiles".
    at new Promise (<anonymous>)
    at GET (app\api\profiles\route.ts:11:38)
   9 | export async function GET(request: NextRequest) {
  10 |   try {
> 11 |     const cookieStore = await cookies();
     |                                      ^
  12 |     const supabase = createServerClient(
  13 |       process.env.NEXT_PUBLIC_SUPABASE_URL!,
  14 |       process.env.NEXT_PUBLIC_SUPABASE_ANON_KEY!, {
  route: '/api/profiles',
  expression: '`cookies()`',
  digest: 'HANGING_PROMISE_REJECTION'
}
Error proxying to external API: Error: Route /api/proxy/crm needs to bail out of prerendering at this point because it used nextUrl.searchParams.
    at GET (app\api\proxy\crm\route.ts:16:42)
  14 |
  15 |     // Get query parameters
> 16 |     const searchParams = request.nextUrl.searchParams;
     |                                          ^
  17 |     const entity = searchParams.get('entity');
  18 |     const page = searchParams.get('page') || '1';
  19 |     const perPage = searchParams.get('perPage') || '10'; {
  digest: 'NEXT_PRERENDER_INTERRUPTED'
}
Error in check-missing-profiles: Error: During prerendering, `cookies()` rejects when the prerender is complete. Typically these errors are handled by React but if you move `cookies()` to a different context by using `setTimeout`, `after`, or similar functions you may observe this error and you should handle it in that context. This occurred at route "/api/staff/check-missing-profiles".
    at new Promise (<anonymous>)
    at GET (app\api\staff\check-missing-profiles\route.ts:21:38)
  19 | export async function GET() {
  20 |   try {
> 21 |     const cookieStore = await cookies();
     |                                      ^
  22 |     const supabase = createServerClient(
  23 |       process.env.NEXT_PUBLIC_SUPABASE_URL!,
  24 |       process.env.NEXT_PUBLIC_SUPABASE_ANON_KEY!, {
  route: '/api/staff/check-missing-profiles',
  expression: '`cookies()`',
  digest: 'HANGING_PROMISE_REJECTION'
}
Error exporting staff: Error: During prerendering, `cookies()` rejects when the prerender is complete. Typically these errors are handled by React but if you move `cookies()` to a different context by using `setTimeout`, `after`, or similar functions you may observe this error and you should handle it in that context. This occurred at route "/api/staff/export".
    at new Promise (<anonymous>)
    at GET (app\api\staff\export\route.ts:9:38)
   7 | export async function GET(request: NextRequest) {
   8 |   try {
>  9 |     const cookieStore = await cookies();
     |                                      ^
  10 |     const supabase = createServerClient(
  11 |       process.env.NEXT_PUBLIC_SUPABASE_URL!,
  12 |       process.env.NEXT_PUBLIC_SUPABASE_ANON_KEY!, {
  route: '/api/staff/export',
  expression: '`cookies()`',
  digest: 'HANGING_PROMISE_REJECTION'
}
Email check error: Error: Route /api/users/check-email needs to bail out of prerendering at this point because it used request.url.
    at GET (app\api\users\check-email\route.ts:20:46)
  18 | export async function GET(request: NextRequest) {
  19 |   try {
> 20 |     const { searchParams } = new URL(request.url);
     |                                              ^
  21 |     const email = searchParams.get('email');
  22 |
  23 |     console.log('=== EMAIL CHECK DEBUG ==='); {
  digest: 'NEXT_PRERENDER_INTERRUPTED'
}
Email check error: Error: Route /api/users/check-email needs to bail out of prerendering at this point because it used request.url.
    at GET (app\api\users\check-email\route.ts:20:46)
  18 | export async function GET(request: NextRequest) {
  19 |   try {
> 20 |     const { searchParams } = new URL(request.url);
     |                                              ^
  21 |     const email = searchParams.get('email');
  22 |
  23 |     console.log('=== EMAIL CHECK DEBUG ==='); {
  digest: 'NEXT_PRERENDER_INTERRUPTED'
}
Error in GET /api/users/dashboard-stats: Error: During prerendering, `cookies()` rejects when the prerender is complete. Typically these errors are handled by React but if you move `cookies()` to a different context by using `setTimeout`, `after`, or similar functions you may observe this error and you should handle it in that context. This occurred at route "/api/users/dashboard-stats".
    at new Promise (<anonymous>)
    at GET (app\api\users\dashboard-stats\route.ts:11:38)
   9 | export async function GET(request: NextRequest) {
  10 |   try {
> 11 |     const cookieStore = await cookies();
     |                                      ^
  12 |     const supabase = createServerClient(
  13 |       process.env.NEXT_PUBLIC_SUPABASE_URL!,
  14 |       process.env.NEXT_PUBLIC_SUPABASE_ANON_KEY!, {
  route: '/api/users/dashboard-stats',
  expression: '`cookies()`',
  digest: 'HANGING_PROMISE_REJECTION'
}
Error in GET /api/users/stats: Error: During prerendering, `cookies()` rejects when the prerender is complete. Typically these errors are handled by React but if you move `cookies()` to a different context by using `setTimeout`, `after`, or similar functions you may observe this error and you should handle it in that context. This occurred at route "/api/users/stats".
    at new Promise (<anonymous>)
    at GET (app\api\users\stats\route.ts:9:38)
   7 | export async function GET(request: NextRequest) {
   8 |   try {
>  9 |     const cookieStore = await cookies();
     |                                      ^
  10 |     const supabase = createServerClient(
  11 |       process.env.NEXT_PUBLIC_SUPABASE_URL!,
  12 |       process.env.NEXT_PUBLIC_SUPABASE_ANON_KEY!, {
  route: '/api/users/stats',
  expression: '`cookies()`',
  digest: 'HANGING_PROMISE_REJECTION'
}
✓ Generating static pages using 1 worker (284/284) in 28.2s
  Finalizing page optimization ...

Route (app)
┌ ○ /
├ ○ /_not-found
├ ○ /academic/attendance
├ ○ /academic/attendance/dashboard
├ ○ /academic/attendance/mark
├ ○ /academic/attendance/reports
├ ◐ /academic/attendance/reports/[id]
│ └ /academic/attendance/reports/[id]
├ ◐ /academic/batches
├ ◐ /academic/batches/[id]/edit
│ └ /academic/batches/[id]/edit
├ ○ /academic/batches/new
├ ○ /academic/leave-calendar
├ ◐ /academic/leaves
├ ◐ /academic/leaves/[id]
│ └ /academic/leaves/[id]
├ ◐ /academic/leaves/[id]/edit
│ └ /academic/leaves/[id]/edit
├ ○ /academic/leaves/new
├ ○ /academic/leaves/settings
├ ○ /academic/leaves/settings/types
├ ○ /academic/leaves/settings/workflows
├ ◐ /academic/periods
├ ◐ /academic/periods/[id]/edit
│ └ /academic/periods/[id]/edit
├ ○ /academic/periods/new
├ ◐ /academic/regulations
├ ◐ /academic/regulations/[id]/edit
│ └ /academic/regulations/[id]/edit
├ ○ /academic/regulations/new
├ ◐ /academic/staff-planning
├ ◐ /academic/staff-planning/[id]
│ └ /academic/staff-planning/[id]
├ ◐ /academic/staff-planning/[id]/edit
│ └ /academic/staff-planning/[id]/edit
├ ○ /academic/staff-planning/new
├ ◐ /academic/timetables
├ ◐ /academic/timetables/[id]
│ └ /academic/timetables/[id]
├ ◐ /academic/timetables/[id]/edit
│ └ /academic/timetables/[id]/edit
├ ○ /academic/timetables/conflicts
├ ○ /academic/timetables/faculty-calendar
├ ○ /academic/timetables/faculty-calendar/admin
├ ○ /academic/timetables/new
├ ○ /academic/timetables/templates
├ ◐ /academic/timetables/templates/[id]
│ └ /academic/timetables/templates/[id]
├ ○ /academic/timetables/templates/analytics
├ ◐ /academic/years
├ ◐ /academic/years/[id]
│ └ /academic/years/[id]
├ ◐ /academic/years/[id]/edit
│ └ /academic/years/[id]/edit
├ ○ /academic/years/new
├ ○ /admin/ai-query-tools
├ ○ /admin/bug-reports
├ ◐ /admin/bug-reports/[id]
│ └ /admin/bug-reports/[id]
├ ○ /admin/notifications
├ ◐ /admin/notifications/[id]
│ └ /admin/notifications/[id]
├ ○ /admin/notifications/new
├ ○ /admin/reset-driver-passwords
├ ○ /ai-query
├ ƒ /api/activity
├ ƒ /api/activity/export
├ ƒ /api/activity/metrics
├ ƒ /api/admin/fix-driver-auth
├ ƒ /api/admin/notifications
├ ƒ /api/admin/notifications/[id]
├ ƒ /api/admin/notifications/stats
├ ƒ /api/admin/reset-driver-passwords
├ ƒ /api/ai-query
├ ƒ /api/api-management/applications
├ ƒ /api/api-management/applications/[id]
├ ƒ /api/api-management/organizations/courses
├ ƒ /api/api-management/organizations/courses/[id]
├ ƒ /api/api-management/organizations/degrees
├ ƒ /api/api-management/organizations/degrees/[id]
├ ƒ /api/api-management/organizations/departments
├ ƒ /api/api-management/organizations/departments/[id]
├ ƒ /api/api-management/organizations/departments/institutions
├ ƒ /api/api-management/organizations/institutions
├ ƒ /api/api-management/organizations/institutions/[id]
├ ƒ /api/api-management/organizations/institutions/names
├ ƒ /api/api-management/organizations/programs
├ ƒ /api/api-management/organizations/programs/[id]
├ ƒ /api/api-management/organizations/sections
├ ƒ /api/api-management/organizations/sections/[id]
├ ƒ /api/api-management/organizations/semesters
├ ƒ /api/api-management/organizations/semesters/[id]
├ ƒ /api/api-management/staff
├ ƒ /api/api-management/staff/[id]
├ ƒ /api/api-management/students
├ ƒ /api/api-management/students/[id]
├ ƒ /api/applications
├ ƒ /api/applications/[id]
├ ƒ /api/audit-logs
├ ƒ /api/audit-logs/[id]
├ ƒ /api/auth/logout
├ ƒ /api/billing/categories/parent-categories
├ ƒ /api/billing/categories/parent-categories/[id]
├ ƒ /api/billing/categories/sub-categories
├ ƒ /api/billing/categories/sub-categories/[id]
├ ƒ /api/billing/payment/callback
├ ƒ /api/billing/payment/initiate
├ ƒ /api/billing/payment/status/[transactionId]
├ ƒ /api/billing/payment/webhook
├ ƒ /api/bug-reports
├ ƒ /api/bug-reports/[id]
├ ƒ /api/bug-reports/[id]/messages
├ ƒ /api/bug-reports/[id]/messages/notifications
├ ƒ /api/bug-reports/[id]/messages/read
├ ƒ /api/bug-reports/[id]/participants
├ ƒ /api/bug-reports/[id]/reopen
├ ƒ /api/bug-reports/bulk-delete
├ ƒ /api/bug-reports/bulk-update-status
├ ƒ /api/bug-reports/leaderboard
├ ƒ /api/bug-reports/me
├ ƒ /api/bug-reports/stats
├ ƒ /api/bug-reports/test
├ ƒ /api/check-database-tables
├ ○ /api/crm/api-key
├ ƒ /api/dashboard/configurations
├ ƒ /api/dashboard/metrics
├ ƒ /api/dashboard/widget-types
├ ƒ /api/dashboard/widgets
├ ƒ /api/debug/applications
├ ƒ /api/debug/auth-test
├ ƒ /api/debug/check-ip
├ ○ /api/debug/env-check
├ ƒ /api/departments
├ ƒ /api/institutions
├ ƒ /api/learners/bulk-edit-exited
├ ƒ /api/learners/bulk-edit-preview
├ ƒ /api/learners/bulk-upload-profiles
├ ƒ /api/learners/check-missing-profiles
├ ƒ /api/learners/complete-onboarding
├ ƒ /api/learners/create-missing-profiles
├ ƒ /api/learners/export-exited-for-edit
├ ƒ /api/notifications
├ ƒ /api/notifications/[id]
├ ƒ /api/notifications/read
├ ƒ /api/notifications/send
├ ƒ /api/notifications/subscribe
├ ƒ /api/organizations/courses/export
├ ƒ /api/organizations/dashboard
├ ƒ /api/organizations/degrees/export
├ ƒ /api/organizations/departments/export
├ ƒ /api/organizations/institutions/export
├ ƒ /api/organizations/programs/export
├ ƒ /api/organizations/sections/export
├ ƒ /api/organizations/semesters/export
├ ƒ /api/profiles
├ ƒ /api/proxy/crm
├ ƒ /api/roles
├ ƒ /api/roles/[key]
├ ƒ /api/staff
├ ƒ /api/staff/check-missing-profiles
├ ƒ /api/staff/create-missing-profiles
├ ƒ /api/staff/dashboard-stats
├ ƒ /api/staff/export
├ ƒ /api/staff/sync-institutions
├ ƒ /api/system/api-keys
├ ƒ /api/system/api-keys/[id]
├ ƒ /api/system/api-keys/test
├ ƒ /api/test-env
├ ƒ /api/upload
├ ƒ /api/upload/resource-management
├ ƒ /api/users
├ ƒ /api/users/[id]
├ ƒ /api/users/[id]/deactivate
├ ƒ /api/users/[id]/role
├ ƒ /api/users/[id]/roles
├ ƒ /api/users/[id]/toggle-status
├ ƒ /api/users/bulk-role-update
├ ƒ /api/users/check-consistency
├ ƒ /api/users/check-email
├ ƒ /api/users/dashboard-stats
├ ƒ /api/users/manage-auth
├ ƒ /api/users/stats
├ ○ /application-hub
├ ○ /application-hub/api-guidelines
├ ○ /application-hub/api-guidelines/endpoints
├ ○ /applications
├ ◐ /applications/[id]
│ └ /applications/[id]
├ ◐ /applications/[id]/edit
│ └ /applications/[id]/edit
├ ○ /applications/categories
├ ○ /applications/new
├ ○ /audit-trail
├ ƒ /auth/authorize
├ ƒ /auth/callback
├ ○ /auth/complete-profile
├ ○ /auth/login
├ ○ /billing/categories/item-categories
├ ◐ /billing/categories/item-categories/[id]/edit
│ └ /billing/categories/item-categories/[id]/edit
├ ○ /billing/categories/item-categories/new
├ ○ /billing/categories/parent-categories
├ ◐ /billing/categories/parent-categories/[id]/edit
│ └ /billing/categories/parent-categories/[id]/edit
├ ○ /billing/categories/parent-categories/new
├ ○ /billing/categories/sub-categories
├ ◐ /billing/categories/sub-categories/[id]/edit
│ └ /billing/categories/sub-categories/[id]/edit
├ ○ /billing/categories/sub-categories/new
├ ○ /billing/discounts
├ ◐ /billing/discounts/[id]
│ └ /billing/discounts/[id]
├ ◐ /billing/discounts/[id]/edit
│ └ /billing/discounts/[id]/edit
├ ○ /billing/discounts/new
├ ◐ /billing/invoices
├ ◐ /billing/invoices/[id]
│ └ /billing/invoices/[id]
├ ◐ /billing/invoices/[id]/edit
│ └ /billing/invoices/[id]/edit
├ ○ /billing/payment/failed
├ ○ /billing/payment/success
├ ◐ /billing/receipts
├ ◐ /billing/receipts/[id]
│ └ /billing/receipts/[id]
├ ◐ /billing/receipts/[id]/edit
│ └ /billing/receipts/[id]/edit
├ ○ /billing/receipts/new
├ ○ /billing/receipts/templates
├ ◐ /billing/refunds
├ ◐ /billing/refunds/[id]
│ └ /billing/refunds/[id]
├ ◐ /billing/refunds/[id]/edit
│ └ /billing/refunds/[id]/edit
├ ○ /billing/refunds/new
├ ○ /billing/reports
├ ○ /billing/schedule
├ ◐ /billing/schedule/[id]
│ └ /billing/schedule/[id]
├ ◐ /billing/schedule/[id]/edit
│ └ /billing/schedule/[id]/edit
├ ○ /billing/schedule/bulk-create
├ ○ /billing/schedule/new
├ ○ /billing/schedule/students
├ ◐ /billing/schedule/students/[id]
│ └ /billing/schedule/students/[id]
├ ◐ /billing/student-bills/[billId]
│ └ /billing/student-bills/[billId]
├ ○ /bug-leaderboard
├ ◐ /dashboard
├ ○ /driver
├ ○ /guest
├ ◐ /learners/alumni
├ ○ /learners/analytics
├ ◐ /learners/enquiries
├ ◐ /learners/enquiries/[id]
│ └ /learners/enquiries/[id]
├ ◐ /learners/enquiries/[id]/edit
│ └ /learners/enquiries/[id]/edit
├ ○ /learners/enquiries/new
├ ◐ /learners/profiles
├ ◐ /learners/profiles/[id]
│ └ /learners/profiles/[id]
├ ◐ /learners/profiles/[id]/edit
│ └ /learners/profiles/[id]/edit
├ ○ /learners/profiles/promotion
├ ○ /logout
├ ○ /my-bug-reports
├ ◐ /my-bug-reports/[id]
│ └ /my-bug-reports/[id]
├ ○ /notifications
├ ○ /notifications/settings
├ ○ /offline
├ ◐ /organizations/courses
├ ◐ /organizations/courses/[id]
│ └ /organizations/courses/[id]
├ ◐ /organizations/courses/[id]/edit
│ └ /organizations/courses/[id]/edit
├ ◐ /organizations/courses/mappings
├ ◐ /organizations/courses/mappings/[id]
│ └ /organizations/courses/mappings/[id]
├ ◐ /organizations/courses/mappings/[id]/edit
│ └ /organizations/courses/mappings/[id]/edit
├ ○ /organizations/courses/mappings/new
├ ○ /organizations/courses/new
├ ○ /organizations/dashboard
├ ◐ /organizations/degrees
├ ◐ /organizations/degrees/[id]
│ └ /organizations/degrees/[id]
├ ◐ /organizations/degrees/[id]/edit
│ └ /organizations/degrees/[id]/edit
├ ○ /organizations/degrees/new
├ ◐ /organizations/departments
├ ◐ /organizations/departments/[id]
│ └ /organizations/departments/[id]
├ ◐ /organizations/departments/[id]/edit
│ └ /organizations/departments/[id]/edit
├ ○ /organizations/departments/new
├ ◐ /organizations/institutions
├ ◐ /organizations/institutions/[id]
│ └ /organizations/institutions/[id]
├ ◐ /organizations/institutions/[id]/edit
│ └ /organizations/institutions/[id]/edit
├ ○ /organizations/institutions/new
├ ◐ /organizations/programs
├ ◐ /organizations/programs/[id]
│ └ /organizations/programs/[id]
├ ◐ /organizations/programs/[id]/edit
│ └ /organizations/programs/[id]/edit
├ ○ /organizations/programs/new
├ ◐ /organizations/sections
├ ◐ /organizations/sections/[id]
│ └ /organizations/sections/[id]
├ ◐ /organizations/sections/[id]/edit
│ └ /organizations/sections/[id]/edit
├ ○ /organizations/sections/new
├ ◐ /organizations/semesters
├ ◐ /organizations/semesters/[id]
│ └ /organizations/semesters/[id]
├ ◐ /organizations/semesters/[id]/edit
│ └ /organizations/semesters/[id]/edit
├ ○ /organizations/semesters/new
├ ○ /profile
├ ○ /pwa-status
├ ○ /resource-management
├ ○ /resource-management/analytics-dashboard
├ ○ /resource-management/categories
├ ◐ /resource-management/categories/[id]
│ └ /resource-management/categories/[id]
├ ◐ /resource-management/categories/[id]/edit
│ └ /resource-management/categories/[id]/edit
├ ○ /resource-management/categories/new
├ ○ /resource-management/categories/sub-categories
├ ◐ /resource-management/categories/sub-categories/[id]
│ └ /resource-management/categories/sub-categories/[id]
├ ◐ /resource-management/categories/sub-categories/[id]/edit
│ └ /resource-management/categories/sub-categories/[id]/edit
├ ○ /resource-management/categories/sub-categories/new
├ ○ /resource-management/maintenance
├ ◐ /resource-management/maintenance/[id]
│ └ /resource-management/maintenance/[id]
├ ◐ /resource-management/maintenance/[id]/edit
│ └ /resource-management/maintenance/[id]/edit
├ ○ /resource-management/maintenance/new
├ ○ /resource-management/reservations
├ ◐ /resource-management/reservations/[id]
│ └ /resource-management/reservations/[id]
├ ○ /resource-management/reservations/approvals
├ ○ /resource-management/reservations/my-reservations
├ ○ /resource-management/reservations/new
├ ○ /resource-management/resources
├ ◐ /resource-management/resources/[id]
│ └ /resource-management/resources/[id]
├ ◐ /resource-management/resources/[id]/edit
│ └ /resource-management/resources/[id]/edit
├ ○ /resource-management/resources/new
├ ◐ /staff/category
├ ◐ /staff/category/[id]/edit
│ └ /staff/category/[id]/edit
├ ○ /staff/category/new
├ ○ /staff/dashboard
├ ○ /staff/list
├ ◐ /staff/list/[id]
│ └ /staff/list/[id]
├ ◐ /staff/list/[id]/edit
│ └ /staff/list/[id]/edit
├ ○ /staff/list/new
├ ○ /system/api-management
├ ○ /unauthorized
├ ○ /users
├ ◐ /users/[id]
│ └ /users/[id]
├ ◐ /users/[id]/edit
│ └ /users/[id]/edit
├ ○ /users/activity
├ ○ /users/dashboard
├ ○ /users/new
├ ○ /users/role-management
└ ○ /users/roles


ƒ Proxy (Middleware)

○  (Static)             prerendered as static content
◐  (Partial Prerender)  prerendered as static HTML with dynamic server-streamed content
ƒ  (Dynamic)            server-rendered on demand

