
> my-jkkn@0.1.0 build
> next build

▲ Next.js 16.1.1 (Turbopack, Cache Components)
- Environments: .env
- Experiments (use with caution):
  · cpus: 1

  Creating an optimized production build ...
✓ Compiled successfully in 108s
  Running TypeScript ...
Failed to compile.

./lib/services/academic/attendance-consolidation-service.ts:357:11
Type error: Type 'unknown[]' is not assignable to type 'string[]'.
  Type 'unknown' is not assignable to type 'string'.

[0m [90m 355 |[39m         [90m// Include absent details if requested[39m
 [90m 356 |[39m         [36mif[39m (params[33m.[39mincludeAbsentDetails) {
[31m[1m>[22m[39m[90m 357 |[39m           studentSummary[33m.[39mabsentDates [33m=[39m [33mArray[39m[33m.[39m[36mfrom[39m(studentData[33m.[39mabsentDates)[33m.[39msort()[33m;[39m
 [90m     |[39m           [31m[1m^[22m[39m
 [90m 358 |[39m         }
 [90m 359 |[39m
 [90m 360 |[39m         studentSummaries[33m.[39mpush(studentSummary)[33m;[39m[0m
Next.js build worker exited with code: 1 and signal: null
