
> my-jkkn@0.1.0 build
> next build

▲ Next.js 16.1.1 (Turbopack, Cache Components)
- Environments: .env
- Experiments (use with caution):
  · cpus: 1

  Creating an optimized production build ...
✓ Compiled successfully in 112s
  Running TypeScript ...
Failed to compile.

./app/api/applications/[id]/route.ts:3:26
Type error: File 'D:/Projects/MyJKKN/types/supabase.ts' is not a module.

[0m [90m 1 |[39m [90m// app/api/applications/[id]/route.ts[39m
 [90m 2 |[39m
[31m[1m>[22m[39m[90m 3 |[39m [36mimport[39m { [33mDatabase[39m } [36mfrom[39m [32m'@/types/supabase'[39m[33m;[39m
 [90m   |[39m                          [31m[1m^[22m[39m
 [90m 4 |[39m [36mimport[39m { createServerClient } [36mfrom[39m [32m'@supabase/ssr'[39m[33m;[39m
 [90m 5 |[39m [36mimport[39m { cookies } [36mfrom[39m [32m'next/headers'[39m[33m;[39m
 [90m 6 |[39m [36mimport[39m { [33mNextResponse[39m } [36mfrom[39m [32m'next/server'[39m[33m;[39m[0m
Next.js build worker exited with code: 1 and signal: null
